────────────────────────────────────────────────────────────────────────────────
loremipsum loremipsum loremipsum loremipsum loremipsum loremipsum loremipsum
loremipsum loremipsum loremipsum loremipsum loremipsum loremipsum loremipsum
loremipsum loremipsum loremipsum loremipsum xy
────────────────────────────────────────────────────────────────────────────────
status: ready
cursor: row=1 col=23
