────────────────────────────────────────────────────────────────────────────────
loremipsum loremipsum loremipsum loremipsum loremipsum loremipsum loremipsum
loremipsum loremipsum loremipsum loremipsum loremipsum loremipsum loremipsum
loremipsum loremipsum loremipsum loremipsum xy
────────────────────────────────────────────────────────────────────────────────
status: ready
cursor: row=2 col=46
