[2m[38;2;118;118;118m┌─ bash task completed in background (2s)[0m
[2m[38;2;118;118;118m│ cat > /tmp/i572.md << 'EOF'…                                               [0m
[2m[38;2;118;118;118m│ … 59 more — bash_job output sh-14                                          [0m
[2m[38;2;118;118;118m│ sh-14 · i572 · exit 0 · log: .fah/bash_jobs/sh-14.log                      [0m
[2m[38;2;118;118;118m└─────────────────────────────────────────────────────────────────────────────[0m
