 [1mКомпонент[0m [2m│[0m [1mСостояние[0m [2m│[0m [1mДетали[0m                                                                                         
[2m───────────┼───────────┼────────────────────────────────────────────────────────────────────────────────────────────────[0m
 auth      [2m│[0m done      [2m│[0m переехала на новый провайдер с полной обратной совместимостью端 и без единого ручного шага для 
           [2m│[0m           [2m│[0m пользователя                                                                                   
 ui        [2m│[0m wip       [2m│[0m таблицы в транскрипте больше не схлопывают короткие колонки в суп из переносов строк           
 cli       [2m│[0m todo      [2m│[0m нужен ручной прогон сценария resume на узком терминале перед следующим релизом                 
