 [1mГейт[0m                  [2m│[0m [1mРезультат[0m                          
[2m───────────────────────┼────────────────────────────────────[0m
 Сьюты форка           [2m│[0m +697 passed, вкл. новый fps-тест и 
                       [2m│[0m дроп-кадровый троттлинг рендера    
 fa-сьюты поверх форка [2m│[0m +139 passed                        
